#
# There is insufficient memory for the Java Runtime Environment to continue.
# Native memory allocation (mmap) failed to map 264241152 bytes. Error detail: G1 virtual space
# Possible reasons:
#   The system is out of physical RAM or swap space
#   This process is running with CompressedOops enabled, and the Java Heap may be blocking the growth of the native heap
# Possible solutions:
#   Reduce memory load on the system
#   Increase physical memory or swap space
#   Check if swap backing store is full
#   Decrease Java heap size (-Xmx/-Xms)
#   Decrease number of Java threads
#   Decrease Java thread stack sizes (-Xss)
#   Set larger code cache with -XX:ReservedCodeCacheSize=
#   JVM is running with Zero Based Compressed Oops mode in which the Java heap is
#     placed in the first 32GB address space. The Java Heap base address is the
#     maximum limit for the native heap growth. Please use -XX:HeapBaseMinAddress
#     to set the Java Heap base and to place the Java Heap above 32GB virtual address.
# This output file may be truncated or incomplete.
#
#  Out of Memory Error (os_windows.cpp:3766), pid=52888, tid=46480
#
# JRE version:  (25.0.2+1) (build )
# Java VM: OpenJDK 64-Bit Server VM (25.0.2+1-b329.72, mixed mode, sharing, tiered, compressed oops, compressed class ptrs, g1 gc, windows-amd64)
# No core dump will be written. Minidumps are not enabled by default on client versions of Windows
#

---------------  S U M M A R Y ------------

Command Line: git4idea.http.GitAskPassApp Username for 'https://github.com': 

Host: AMD Ryzen 7 7700X 8-Core Processor             , 16 cores, 15G,  Windows 11 , 64 bit Build 26100 (10.0.26100.8521)
Time: Fri Jun 19 14:20:57 2026 Hora estándar de Argentina elapsed time: 0.009252 seconds (0d 0h 0m 0s)

---------------  T H R E A D  ---------------

Current thread (0x00000196a6200e10):  JavaThread "Unknown thread" [_thread_in_vm, id=46480, stack(0x00000090a6d00000,0x00000090a6e00000) (1024K)]

Stack: [0x00000090a6d00000,0x00000090a6e00000]
Native frames: (J=compiled Java code, j=interpreted, Vv=VM code, C=native code)
V  [jvm.dll+0x7c0b19]  (no source info available)
V  [jvm.dll+0x78a2ed]  (no source info available)
V  [jvm.dll+0xa0e563]  (no source info available)
V  [jvm.dll+0xa10d5c]  (no source info available)
V  [jvm.dll+0xa11453]  (no source info available)
V  [jvm.dll+0x307b86]  (no source info available)
V  [jvm.dll+0x7bcd25]  (no source info available)
V  [jvm.dll+0x7afce7]  (no source info available)
V  [jvm.dll+0x4015ce]  (no source info available)
V  [jvm.dll+0x4093eb]  (no source info available)
V  [jvm.dll+0x3f5c29]  (no source info available)
V  [jvm.dll+0x3f5edb]  (no source info available)
V  [jvm.dll+0x3cc093]  (no source info available)
V  [jvm.dll+0x3cccfe]  (no source info available)
V  [jvm.dll+0x9d48d7]  (no source info available)
V  [jvm.dll+0x466ce2]  (no source info available)
V  [jvm.dll+0x9b8019]  (no source info available)
V  [jvm.dll+0x508951]  (no source info available)
V  [jvm.dll+0x50a2c1]  (no source info available)
C  [jli.dll+0x541a]  (no source info available)
C  [ucrtbase.dll+0x2cd30]  (no source info available)
C  [KERNEL32.DLL+0x2e957]  (no source info available)
C  [ntdll.dll+0x87c1c]  (no source info available)

Lock stack of current Java thread (top to bottom):


---------------  P R O C E S S  ---------------

Threads class SMR info:
_java_thread_list=0x00007ffc752f9108, length=0, elements={
}

Java Threads: ( => current thread )
Total: 0

Other Threads:
  0x00000196a8577180 WorkerThread "GC Thread#0"                     [id=53184, stack(0x00000090a6e00000,0x00000090a6f00000) (1024K)]
  0x00000196a858fef0 ConcurrentGCThread "G1 Main Marker"            [id=46412, stack(0x00000090a6f00000,0x00000090a7000000) (1024K)]
  0x00000196a8593620 WorkerThread "G1 Conc#0"                       [id=23900, stack(0x00000090a7000000,0x00000090a7100000) (1024K)]

[error occurred during error reporting (printing all threads), id 0xc0000005, EXCEPTION_ACCESS_VIOLATION (0xc0000005) at pc=0x00007ffc74910cea]
VM state: not at safepoint (not fully initialized)

VM Mutex/Monitor currently owned by a thread:  ([mutex/lock_event])
[0x00007ffc75381d20] Heap_lock - owner thread: 0x00000196a6200e10

Heap address: 0x0000000704200000, size: 4030 MB, Compressed Oops mode: Zero based, Oop shift amount: 3

CDS archive(s) mapped at: [0x0000000000000000-0x0000000000000000-0x0000000000000000), size 0, SharedBaseAddress: 0x0000000800000000, ArchiveRelocationMode: 1.
UseCompressedClassPointers 1, UseCompactObjectHeaders 0
Narrow klass pointer bits 32, Max shift 3
Narrow klass base: 0xffffffffffffffff, Narrow klass shift: -1
Encoding Range: [0xffffffffffffffff - 0x000000007fffffff), (2147483648 bytes)
Klass Range:    [0x0000000000000000 - 0x0000000000000000), (0 bytes)
Klass ID Range:  [4294967295 - 0) (1)
No protection zone.

GC Precious Log:
 CardTable entry size: 512
 Card Set container configuration: InlinePtr #cards 4 size 8 Array Of Cards #cards 16 size 48 Howl #buckets 8 coarsen threshold 3686 Howl Bitmap #cards 512 size 80 coarsen threshold 460 Card regions per heap region 1 cards per card region 4096

Heap:
 garbage-first heap   total reserved 4126720K, committed 0K, used 0K [0x0000000704200000, 0x0000000800000000)
  region size 2048K, 0 young (0K), 0 survivors (0K)

Heap Regions: E=young(eden), S=young(survivor), O=old, HS=humongous(starts), HC=humongous(continues), CS=collection set, F=free, TAMS=top-at-mark-start, PB=parsable bottom

Card table byte_map: [0x00000196bc990000,0x00000196bd170000] _byte_map_base: 0x00000196b916f000

Marking Bits: (CMBitMap*) 0x00000196a8577910
 Bits: [0x00000196bd170000, 0x00000196c1068000)

GC Heap Usage History (0 events):
No events

Metaspace Usage History (0 events):
No events

Dll operation events (1 events):
Event: 0.005 Loaded shared library C:\Program Files\JetBrains\IntelliJ IDEA 2026.1\jbr\bin\java.dll

Deoptimization events (0 events):
No events

Classes loaded (0 events):
No events

Classes unloaded (0 events):
No events

Classes redefined (0 events):
No events

Internal exceptions (0 events):
No events

VM Operations (0 events):
No events

Memory protections (0 events):
No events

Nmethod flushes (0 events):
No events

Events (0 events):
No events


Dynamic libraries:
0x00007ff668d50000 - 0x00007ff668d5a000 	C:\Program Files\JetBrains\IntelliJ IDEA 2026.1\jbr\bin\java.exe
0x00007ffd8d140000 - 0x00007ffd8d3a6000 	C:\WINDOWS\SYSTEM32\ntdll.dll
0x00007ffd8c570000 - 0x00007ffd8c639000 	C:\WINDOWS\System32\KERNEL32.DLL
0x00007ffd8a5d0000 - 0x00007ffd8a9ca000 	C:\WINDOWS\System32\KERNELBASE.dll
0x00007ffd8ac00000 - 0x00007ffd8ad4c000 	C:\WINDOWS\System32\ucrtbase.dll
0x00007ffd6e200000 - 0x00007ffd6e21e000 	C:\Program Files\JetBrains\IntelliJ IDEA 2026.1\jbr\bin\VCRUNTIME140.dll
0x00007ffd53180000 - 0x00007ffd53197000 	C:\Program Files\JetBrains\IntelliJ IDEA 2026.1\jbr\bin\jli.dll
0x00007ffd8aee0000 - 0x00007ffd8b0a7000 	C:\WINDOWS\System32\USER32.dll
0x00007ffd71590000 - 0x00007ffd71822000 	C:\WINDOWS\WinSxS\amd64_microsoft.windows.common-controls_6595b64144ccf1df_6.0.26100.8521_none_3e08b75ce33403b3\COMCTL32.dll
0x00007ffd8ad50000 - 0x00007ffd8ad77000 	C:\WINDOWS\System32\win32u.dll
0x00007ffd8c2f0000 - 0x00007ffd8c399000 	C:\WINDOWS\System32\msvcrt.dll
0x00007ffd8ce70000 - 0x00007ffd8ce9b000 	C:\WINDOWS\System32\GDI32.dll
0x00007ffd8ad80000 - 0x00007ffd8aeab000 	C:\WINDOWS\System32\gdi32full.dll
0x00007ffd8a3d0000 - 0x00007ffd8a473000 	C:\WINDOWS\System32\msvcp_win.dll
0x00007ffd8c790000 - 0x00007ffd8c7c2000 	C:\WINDOWS\System32\IMM32.DLL
0x00007ffd6b900000 - 0x00007ffd6b90c000 	C:\Program Files\JetBrains\IntelliJ IDEA 2026.1\jbr\bin\vcruntime140_1.dll
0x00007ffcb3db0000 - 0x00007ffcb3e39000 	C:\Program Files\JetBrains\IntelliJ IDEA 2026.1\jbr\bin\msvcp140.dll
0x00007ffc74530000 - 0x00007ffc75482000 	C:\Program Files\JetBrains\IntelliJ IDEA 2026.1\jbr\bin\server\jvm.dll
0x00007ffd8c650000 - 0x00007ffd8c706000 	C:\WINDOWS\System32\ADVAPI32.dll
0x00007ffd8c4c0000 - 0x00007ffd8c56a000 	C:\WINDOWS\System32\sechost.dll
0x00007ffd8c3a0000 - 0x00007ffd8c4b8000 	C:\WINDOWS\System32\RPCRT4.dll
0x00007ffd8b0b0000 - 0x00007ffd8b130000 	C:\WINDOWS\System32\WS2_32.dll
0x00007ffd89e00000 - 0x00007ffd89e5e000 	C:\WINDOWS\SYSTEM32\POWRPROF.dll
0x00007ffd7ca40000 - 0x00007ffd7ca76000 	C:\WINDOWS\SYSTEM32\WINMM.dll
0x00007ffd82be0000 - 0x00007ffd82beb000 	C:\WINDOWS\SYSTEM32\VERSION.dll
0x00007ffd89da0000 - 0x00007ffd89db4000 	C:\WINDOWS\SYSTEM32\UMPDC.dll
0x00007ffd89160000 - 0x00007ffd8917b000 	C:\WINDOWS\SYSTEM32\kernel.appcore.dll
0x00007ffd6b8f0000 - 0x00007ffd6b8fa000 	C:\Program Files\JetBrains\IntelliJ IDEA 2026.1\jbr\bin\jimage.dll
0x00007ffd87a30000 - 0x00007ffd87c72000 	C:\WINDOWS\SYSTEM32\DBGHELP.DLL
0x00007ffd8be70000 - 0x00007ffd8c1f3000 	C:\WINDOWS\System32\combase.dll
0x00007ffd8b1c0000 - 0x00007ffd8b299000 	C:\WINDOWS\System32\OLEAUT32.dll
0x00007ffd71d30000 - 0x00007ffd71d6b000 	C:\WINDOWS\SYSTEM32\dbgcore.DLL
0x00007ffd8a9d0000 - 0x00007ffd8aa78000 	C:\WINDOWS\System32\bcryptPrimitives.dll
0x00007ffd6b7c0000 - 0x00007ffd6b7df000 	C:\Program Files\JetBrains\IntelliJ IDEA 2026.1\jbr\bin\java.dll
0x00007ffd8ccd0000 - 0x00007ffd8ce68000 	C:\WINDOWS\System32\ole32.dll
0x00007ffd8b320000 - 0x00007ffd8baa4000 	C:\WINDOWS\System32\SHELL32.dll

JVMTI agents: none

dbghelp: loaded successfully - version: 4.0.5 - missing functions: none
symbol engine: initialized successfully - sym options: 0x614 - pdb path: .;C:\Program Files\JetBrains\IntelliJ IDEA 2026.1\jbr\bin;C:\WINDOWS\SYSTEM32;C:\WINDOWS\WinSxS\amd64_microsoft.windows.common-controls_6595b64144ccf1df_6.0.26100.8521_none_3e08b75ce33403b3;C:\Program Files\JetBrains\IntelliJ IDEA 2026.1\jbr\bin\server

VM Arguments:
java_command: git4idea.http.GitAskPassApp Username for 'https://github.com': 
java_class_path (initial): C:/Program Files/JetBrains/IntelliJ IDEA 2026.1/plugins/vcs-git/lib/git4idea-rt.jar;C:/Program Files/JetBrains/IntelliJ IDEA 2026.1/lib/externalProcess-rt.jar
Launcher Type: SUN_STANDARD

[Global flags]
     intx CICompilerCount                          = 12                                        {product} {ergonomic}
     uint ConcGCThreads                            = 3                                         {product} {ergonomic}
     uint G1ConcRefinementThreads                  = 13                                        {product} {ergonomic}
   size_t G1HeapRegionSize                         = 2097152                                   {product} {ergonomic}
   size_t InitialHeapSize                          = 264241152                                 {product} {ergonomic}
   size_t MarkStackSize                            = 4194304                                   {product} {ergonomic}
   size_t MarkStackSizeMax                         = 536870912                                 {product} {ergonomic}
   size_t MaxHeapSize                              = 4225761280                                {product} {ergonomic}
   size_t MinHeapDeltaBytes                        = 2097152                                   {product} {ergonomic}
   size_t MinHeapSize                              = 8388608                                   {product} {ergonomic}
    uintx NonNMethodCodeHeapSize                   = 7602176                                {pd product} {ergonomic}
    uintx NonProfiledCodeHeapSize                  = 122093568                              {pd product} {ergonomic}
    uintx ProfiledCodeHeapSize                     = 121962496                              {pd product} {ergonomic}
    uintx ReservedCodeCacheSize                    = 251658240                              {pd product} {ergonomic}
     bool SegmentedCodeCache                       = true                                      {product} {ergonomic}
   size_t SoftMaxHeapSize                          = 4225761280                             {manageable} {ergonomic}
     bool UseCompressedOops                        = true                           {product lp64_product} {ergonomic}
     bool UseG1GC                                  = true                                      {product} {ergonomic}
     bool UseLargePagesIndividualAllocation        = false                                  {pd product} {ergonomic}

Logging:
Log output configuration:
 #0: stdout all=warning uptime,level,tags foldmultilines=false
 #1: stderr all=off uptime,level,tags foldmultilines=false

Release file:
<release file has not been read>
Environment Variables:
PATH=C:/Program Files/Git/mingw64/libexec/git-core;C:/Program Files/Git/mingw64/libexec/git-core;C:\Program Files\Git\mingw64\bin;C:\Program Files\Git\usr\bin;C:\Users\Guada\bin;C:\Program Files\Common Files\Oracle\Java\javapath;C:\Program Files (x86)\Common Files\Oracle\Java\java8path;C:\Program Files (x86)\Common Files\Oracle\Java\javapath;C:\ProgramData\Oracle\Java\javapath;C:\WINDOWS\system32;C:\WINDOWS;C:\WINDOWS\System32\Wbem;C:\WINDOWS\System32\WindowsPowerShell\v1.0\;C:\WINDOWS\System32\OpenSSH\;C:\Program Files (x86)\NVIDIA Corporation\PhysX\Common;C:\Program Files\NVIDIA Corporation\NVIDIA app\NvDLISR;C:\Program Files\nodejs\;C:\Program Files\Git\cmd;C:\Users\Guada\MAVEN\apache-maven-3.9.14-bin\apache-maven-3.9.14\bin;C:\Users\Guada\AppData\Roaming\local\bin;C:\Users\Guada\AppData\Local\Microsoft\WindowsApps;C:\Users\Guada\AppData\Local\Programs\Microsoft VS Code\bin;C:\MinGW\bin;C:\Users\Guada\AppData\Roaming\npm;C:\ghcup\bin
USERNAME=Guada
DISPLAY=:0.0
LC_ALL=en_US.UTF-8
TERM=xterm-256color
TMPDIR=C:\Users\Guada\AppData\Local\Temp
OS=Windows_NT
PROCESSOR_IDENTIFIER=AMD64 Family 25 Model 97 Stepping 2, AuthenticAMD
TMP=C:\Users\Guada\AppData\Local\Temp
TEMP=C:\Users\Guada\AppData\Local\Temp




Compilation memory statistics disabled.

Periodic native trim disabled

JNI global refs:
JNI global refs: 0, weak refs: 0

JNI global refs memory usage: 0, weak refs: 0

Process memory usage:
Resident Set Size: 14732K (0% of 16502764K total physical memory with 2612404K free physical memory)

OOME stack traces (most recent first):
Classloader memory used:

---------------  S Y S T E M  ---------------

OS:
 Windows 11 , 64 bit Build 26100 (10.0.26100.8521)
OS uptime: 8 days 12:48 hours

CPU: total 16 (initial active 16) (16 cores per cpu, 2 threads per core) family 25 model 97 stepping 2 microcode 0xa601203, cx8, cmov, fxsr, ht, mmx, 3dnowpref, sse, sse2, sse3, ssse3, sse4a, sse4.1, sse4.2, popcnt, lzcnt, tsc, tscinvbit, avx, avx2, aes, erms, clmul, bmi1, bmi2, adx, avx512f, avx512dq, avx512cd, avx512bw, avx512vl, sha, fma, vzeroupper, avx512_vpopcntdq, avx512_vpclmulqdq, avx512_vaes, avx512_vnni, clflush, clflushopt, clwb, avx512_vbmi2, avx512_vbmi, rdtscp, rdpid, fsrm, gfni, avx512_bitalg, f16c, pku, cet_ss, avx512_ifma
Processor Information for the first 16 processors :
  Max Mhz: 4501, Current Mhz: 4501, Mhz Limit: 4501

Memory: 4k page, system-wide physical 16115M (2551M free)
TotalPageFile size 40879M (AvailPageFile size 131M)
current process WorkingSet (physical memory assigned to process): 14M, peak: 14M
current process commit charge ("private bytes"): 71M, peak: 323M

vm_info: OpenJDK 64-Bit Server VM (25.0.2+1-b329.72) for windows-amd64 JRE (25.0.2+1-b329.72), built on 2026-03-02 with MS VC++ 17.14 (VS2022)

END.
